// Jest Snapshot v1, https://goo.gl/fbAQLP

exports[`should render expensify dashboard 1`] = `
<div>
  This is Expesify Dashboard!
  <Connect(ExpenseListFilters) />
  <Connect(ExpenseList) />
</div>
`;
