// Jest Snapshot v1, https://goo.gl/fbAQLP

exports[`should generate Expense list 1`] = `
<div>
  <Link
    replace={false}
    to="/edit/1"
  >
    Gum
  </Link>
  <p>
    20.00 Rs
    , 
    January 1st, 1970
  </p>
</div>
`;
