// Jest Snapshot v1, https://goo.gl/fbAQLP

exports[`should render Login Component 1`] = `
<div>
  <h4>
    Login
  </h4>
  <button>
    Login
  </button>
</div>
`;
